src/app/admin/projects/page.tsx(2,26): error TS2306: File 'I:/AntigravityCode/SWv2Prod/src/app/admin/projects/project-table.tsx' is not a module.
src/app/admin/projects/project-table.tsx(1,1): error TS2349: This expression is not callable.
  Type 'String' has no call signatures.
